{"level":"info","message":"Server is running on port 5454","timestamp":"2025-05-28T19:06:11.798Z"}
{"level":"info","message":"Server is running on port 5454","timestamp":"2025-05-28T19:08:43.028Z"}
{"level":"info","message":"Server is running on port 5454","timestamp":"2025-05-28T19:10:44.784Z"}
{"level":"info","message":"Server is running on port 5454","timestamp":"2025-05-28T19:14:41.566Z"}
{"level":"info","message":"Server is running on port 5454","timestamp":"2025-05-28T19:15:13.612Z"}
{"level":"info","message":"Server is running on port 5454","timestamp":"2025-05-28T19:15:51.802Z"}
{"level":"info","message":"Server is running on port 5454","timestamp":"2025-05-28T19:16:17.637Z"}
{"level":"info","message":"Server is running on port 5454","timestamp":"2025-05-28T19:29:23.968Z"}
{"level":"info","message":"Slot booked successfully for user Admin  Patil (adminchavan@gmail.com) on May 31 at 11:30 PM","timestamp":"2025-05-28T19:29:42.133Z"}
{"level":"info","message":"Notification email sent to user adminchavan@gmail.com","timestamp":"2025-05-28T19:29:42.135Z"}
{"level":"info","message":"Notification email sent to admin about new booking by adminchavan@gmail.com","timestamp":"2025-05-28T19:29:45.438Z"}
{"level":"info","message":"Server is running on port 5454","timestamp":"2025-05-29T02:29:35.189Z"}
{"level":"info","message":"Slot booked successfully for user Admin  Patil (adminchavan@gmail.com) on May 29 at 9:00 PM","timestamp":"2025-05-29T02:30:13.817Z"}
{"level":"info","message":"Notification email sent to user adminchavan@gmail.com","timestamp":"2025-05-29T02:30:13.818Z"}
{"level":"info","message":"Notification email sent to admin about new booking by adminchavan@gmail.com","timestamp":"2025-05-29T02:30:16.632Z"}
{"cart_details":null,"cf_order_id":"4215362577","created_at":"2025-05-29T08:00:58+05:30","customer_details":{"customer_email":"atharva@gmail.com","customer_id":"user_7ef126c5-125f-4675-bcd0-5f38c7df0d6b","customer_name":null,"customer_phone":"8208868362","customer_uid":null},"entity":"order","level":"info","message":"Order created:","order_amount":199,"order_currency":"INR","order_expiry_time":"2025-06-28T08:00:58+05:30","order_id":"order_1748485855237","order_meta":{"notify_url":null,"payment_methods":null,"payment_methods_filters":null,"return_url":null},"order_note":null,"order_splits":[],"order_status":"ACTIVE","order_tags":null,"payment_session_id":"session_iZFGI3l-Y0wFFmM1-7RYDfv3VvuvnaZQOyER0Iu2CRNiiEUxlpKS8FduBlSfrfw_m114v4W52ASmv1HaIoVY2oYAcZqXWH5m7m0vbaBgBO-DB96L1tsf4YKPSaspayment","products":{"one_click_checkout":{"conditions":[],"enabled":false},"verify_pay":{"conditions":[],"enabled":false}},"terminal_data":null,"timestamp":"2025-05-29T02:30:56.556Z"}
{"cart_details":null,"cf_order_id":"4215364929","created_at":"2025-05-29T08:01:45+05:30","customer_details":{"customer_email":"atharva@gmail.com","customer_id":"user_7ef126c5-125f-4675-bcd0-5f38c7df0d6b","customer_name":null,"customer_phone":"8208868362","customer_uid":null},"entity":"order","level":"info","message":"Order created:","order_amount":299,"order_currency":"INR","order_expiry_time":"2025-06-28T08:01:45+05:30","order_id":"order_1748485904081","order_meta":{"notify_url":null,"payment_methods":null,"payment_methods_filters":null,"return_url":null},"order_note":null,"order_splits":[],"order_status":"ACTIVE","order_tags":null,"payment_session_id":"session_GogDjbsYPSCzWqo1hwB6C8zYmPhajVEjhhuYfVNlv1a8i2MnlxGCp7-7JEmgIwXjHjwHkIjr1zaZRwjdqsT-9LRcIzvsnHFOalYGbR7DAfLNwxo1WKd8CFJRjgMpayment","products":{"one_click_checkout":{"conditions":[],"enabled":false},"verify_pay":{"conditions":[],"enabled":false}},"terminal_data":null,"timestamp":"2025-05-29T02:31:44.503Z"}
{"level":"info","message":"Server is running on port 5454","timestamp":"2025-05-29T03:50:42.186Z"}
{"level":"info","message":"Server is running on port 5454","timestamp":"2025-05-30T14:54:13.943Z"}
{"level":"info","message":"Server is running on port 5454","timestamp":"2025-05-30T15:31:26.314Z"}
{"level":"info","message":"Server is running on port 5454","timestamp":"2025-05-30T15:33:40.107Z"}
{"level":"info","message":"Server is running on port 5454","timestamp":"2025-05-30T15:38:46.799Z"}
